
 Start  Stop   Length Name               Class

 00000H 09075H 09076H _TEXT              CODE
 09080H 09080H 00000H _FARDATA           FAR_DATA
 09080H 09080H 00000H _OVERLAY_          OVRINFO
 09080H 09097H 00018H _INIT_             INITDATA
 09098H 09098H 00000H _INITEND_          INITDATA
 09098H 09098H 00000H _EXIT_             EXITDATA
 09098H 09098H 00000H _EXITEND_          EXITDATA
 090A0H 090A0H 00000H _1STUB_            STUBSEG
 090A0H 0AC1DH 01B7EH _DATA              DATA
 0AC1EH 0AC1EH 00000H _CVTSEG            DATA
 0AC1EH 0AC1EH 00000H _SCNSEG            DATA
 0AC1EH 0B815H 00BF8H _BSS               BSS
 0B816H 0B816H 00000H _BSSEND            ENDBSS
 0B820H 0B89FH 00080H _STACK             STACK

  Address         Publics by Name

 090A:0000       DATASEG@
 0000:0235       DGROUP@
 0000:8AA9       F_LDIV@
 0000:8AB8       F_LMOD@
 0000:8AB0       F_LUDIV@
 0000:8AC0       F_LUMOD@
 0000:8B57       F_LXLSH@
 0000:8B78       F_LXURSH@
 0000:906A       F_OVERFLOW@
 0000:8B99       F_PADD@
 0000:8BF9       F_PSBP@
 0000:8BC8       F_PSUB@
 0000:8C21       F_SCOPY@
 0000:8AA9       LDIV@
 0000:8AB8       LMOD@
 0000:8AB0       LUDIV@
 0000:8AC0       LUMOD@
 0000:8B57       LXLSH@
 0000:8B78       LXURSH@
 0000:8AA6       N_LDIV@
 0000:8AB5       N_LMOD@
 0000:8AAD       N_LUDIV@
 0000:8ABD       N_LUMOD@
 0000:8B54       N_LXLSH@
 0000:8EB7       N_LXMUL@
 0000:8B75       N_LXURSH@
 0000:906A       N_OVERFLOW@
 0000:8B96       N_PADD@
 0000:8ECE       N_PCMP@
 0000:8BF6       N_PSBP@
 0000:8BC5       N_PSUB@
 0000:8C1E       N_SCOPY@
 0000:906A       OVERFLOW@
 0000:8B99       PADD@
 0000:8BF9       PSBP@
 0000:8BC8       PSUB@
 0000:8C21       SCOPY@
 0000:0220       _abort
 0000:7265       _absread
 0000:72C6       _abswrite
 0000:5BAE       _access
 0000:5C01       _atexit
 0000:7327       _biosequip
 0000:732A       _biosmemory
 0000:36D2       _BiosReportsTwoDrives
 0000:732D       _biostime
 0000:7393       _brk
 090A:1B7E       _Cade
 0000:5B16       _callWin95
 090A:162E       _catalog
 0000:59B9       _catclose
 090A:1B88       _catd
 0000:5764       _catgets
 090A:00A9       _CatNO
 0000:57AE       _catopen
 0000:5944       _catread
 090A:00A8       _CatYES
 0000:73AF       _chdir
 0000:54A1       _CheckDriveOnLFN
 0000:5C25       _chmod
 0000:54D4       _ClearDiskSerialNumber
 0000:5C6A       _close
 0000:36F7       _CloseMouse
 0000:390B       _CloseScanner
 0000:2F43       _ClrKbd
 0000:527C       _ConvertToSFN
 0000:2CE8       _CopyFile
 0000:7411       _coreleft
 0000:3730       _CountButtonPresses
 0000:5DC4       _cprintf
 0000:7479       _creatnew
 0000:7461       _creattemp
 0000:510A       _CriticalErrorOccured
 0000:50FC       _CriticalHandlerOn
 0000:5E01       _ctrlbrk
 0000:488D       _DataSectorToCluster
 0000:56B3       _db_fetch
 0000:56EF       _db_insert
 0000:4C86       _DetermineFATType
 090A:1A99       _directvideo
 0000:2AA0       _DiskLargeEnough
 0000:4AB2       _DiskReadBootInfo
 0000:4BFB       _DiskReadFatInfo
 0000:2EA1       _DOStoXMSmove
 0000:237F       _EMSalloc
 0000:231D       _EMSbaseaddress
 0000:2396       _EMSfree
 0000:23AD       _EMSmap
 0000:236E       _EMSpages
 0000:235D       _EMSstatus
 0000:234A       _EMSversion
 090A:1B7C       _environ
 0000:7647       _eof
 090A:0092       _errno
 0000:5E1C       _exit
 0000:437A       _ExploreDATFile
 0000:5FE1       _farcoreleft
 0000:87FE       _farfree
 0000:88E4       _farmalloc
 0000:8A3A       _farrealloc
 0000:5F69       _fclose
 0000:630D       _fdopen
 0000:6033       _fflush
 0000:7782       _fgetc
 0000:782C       _fgetchar
 0000:76AF       _filelength
 0000:4AC7       _FileReadBootInfo
 0000:4BC8       _FileReadFatInfo
 0000:60B5       _flushall
 0000:60EB       _fnmerge
 0000:62CD       _fopen
 0000:6337       _fprintf
 0000:6773       _fputc
 0000:6870       _fputchar
 0000:6435       _fread
 0000:8C40       _free
 0000:62EB       _freopen
 0000:64E8       _fseek
 0000:654A       _ftell
 0000:658B       _fwrite
 090A:1276       _GenerateLVals
 0000:65D4       _getcbrk
 0000:7835       _getch
 0000:784E       _getche
 0000:4856       _GetDataStart
 0000:65EF       _getdate
 0000:7912       _getdfree
 0000:73C5       _getdisk
 0000:490D       _GetDiskFilledSize
 0000:22F1       _GetDiskFromPathName
 0000:7887       _getenv
 0000:4336       _GetExePath
 0000:78F5       _getfat
 0000:78E5       _getfatd
 0000:7932       _getftime
 0000:3783       _GetIniDir
 0000:53A0       _GetLFN
 0000:3943       _GetNextToken
 0000:3CEE       _GetParsedData
 0000:3B26       _GetScannerLine
 0000:52F8       _GetSFN
 0000:6615       _gettext
 0000:6602       _gettime
 0000:7953       _getvect
 0000:55E2       _get_line
 0000:223B       _HasFloppyForm
 0000:5679       _hash
 090A:127A       _Headers
 0000:263C       _InitializeFittingMemory
 0000:5241       _InitLFNAPI
 0000:36F7       _InitMouse
 0000:7973       _intr
 0000:7A17       _ioctl
 0000:7A7B       _isatty
 0000:226D       _IsCopyToSameDisk
 0000:4C21       _IsDiskReadRequired
 0000:2247       _IsFile
 0000:49FC       _IsSectorUsed
 0000:7B38       _itoa
 0000:7A8C       _kbhit
 0000:5AFF       _lfn2sfn95
 0000:7A92       _lseek
 0000:7B79       _ltoa
 0000:0239       _main
 0000:43C3       _MakeDATFile
 0000:8D0F       _malloc
 0000:7B9E       _memcmp
 0000:7BC7       _memcpy
 0000:7C95       _memmove
 090A:1242       _MemoryLvals
 0000:7C10       _memset
 0000:3718       _MousePresent
 0000:7C28       _movedata
 0000:669C       _movetext
 0000:7C4A       _movmem
 0000:21F8       _OnCBreak
 0000:21DA       _OnExit
 0000:7CD7       _open
 0000:387D       _OpenScannerFile
 090A:124E       _OptionLvals
 0000:3CAF       _ParseIniFile
 0000:39B1       _PeekToken
 0000:2A72       _PrepareForReading
 0000:2A7B       _PrepareForWriting
 0000:5586       _PrintDiskSerialNumber
 0000:6742       _printf
 0000:69B6       _putch
 0000:69C9       _puts
 0000:6664       _puttext
 0000:7E50       _read
 0000:4D62       _ReadFileIntoMemory
 0000:2A22       _ReadMemoryBlock
 0000:4226       _ReadSectors
 0000:8E66       _realloc
 0000:4C6B       _ReleaseFatInfo
 0000:2A84       _ReleaseMemory
 0000:7F1F       _rename
 0000:59D3       _rename95
 0000:3925       _RestartScanning
 090A:1B8A       _SavedCBreak
 0000:739F       _sbrk
 0000:3B1E       _ScannerString
 0000:7F3E       _setblock
 0000:65DE       _setcbrk
 0000:4C0C       _SetCopySpeed
 0000:50CD       _SetCriticalHandler
 0000:73CB       _setdisk
 0000:2B82       _SetErrorStopped
 0000:432B       _SetExePath
 0000:2B08       _SetImageFile
 0000:5385       _SetLFNAttribute
 0000:7BE8       _setmem
 0000:6D95       _setvbuf
 0000:7962       _setvect
 0000:1D42       _ShowHelp
 0000:6E87       _sprintf
 0000:6EC0       _stpcpy
 0000:7F5A       _strcat
 0000:7F93       _strchr
 0000:7FC9       _strcmp
 0000:7FF8       _strcpy
 0000:6EE3       _strdup
 0000:801C       _stricmp
 0000:805C       _strlen
 0000:6F0E       _strncat
 0000:8076       _strncmp
 0000:80AD       _strncpy
 0000:6F50       _strtok
 0000:377B       _SwitchChar
 0000:53B0       _SynchronizeLFNs
 0000:6FCE       _tell
 0000:7028       _tmpnam
 0000:705F       _tolower
 0000:708B       _toupper
 0000:5AE8       _truename95
 0000:2F9E       _TwoDriveCopy
 0000:7B5F       _ultoa
 0000:786B       _ungetch
 0000:80D9       _unlink
 0000:54F1       _UpdateDiskSerialNumber
 0000:6EA4       _vsprintf
 0000:2F7D       _WaitForInput
 0000:70C1       _wherex
 0000:70D0       _wherey
 0000:70E3       _write
 0000:4E00       _WriteFileFromMemory
 0000:2A4A       _WriteMemoryBlock
 0000:2DAF       _XMMinit
 0000:2E1D       _XMSalloc
 0000:2DF7       _XMScoreleft
 0000:2E5E       _XMSfree
 0000:2DAF       _XMSinit
 0000:2EE1       _XMStoDOSmove
 0000:1000  Abs  __AHINCR
 0000:000C  Abs  __AHSHIFT
 090A:1B6E       __argc
 090A:1B70       __argv
 090A:17FA       __atexitcnt
 090A:271C       __atexittbl
 0000:5EBD       __brk
 090A:00A0       __brklvl
 090A:0082       __C0argc
 090A:0084       __C0argv
 0000:754D       __c0crtinit
 090A:0086       __C0environ
 0000:73D8       __chmod
 0000:73F3       __close
 0000:5C95       __CPUTN
 0000:744C       __creat
 0000:756D       __crtinit
 090A:17FC       __ctype
 090A:1AA4       __doserrno
 090A:1AA6       __dosErrorToSV
 090A:0088       __envLng
 090A:008A       __envseg
 090A:008C       __envSize
 0000:012E       __exit
 090A:18FE       __exitbuf
 0000:010F       __exitclean
 090A:1900       __exitfopen
 090A:1902       __exitopen
 0000:776E       __fgetc
 090A:1B68       __first
 090A:1A6E       __fmode
 0000:6759       __fputc
 0000:6884       __FPUTN
 090A:009C       __heapbase
 090A:1A72       __heaplen
 090A:00A4       __heaptop
 090A:0072       __Int0Vector
 090A:0076       __Int4Vector
 090A:007A       __Int5Vector
 090A:007E       __Int6Vector
 0000:7A3E       __IOERROR
 090A:1B6A       __last
 0000:7ABB       __LONGTOA
 0000:6FE6       __MKNAME
 0000:0237       __MMODEL
 0000:7782       __Nfgetc
 0000:784E       __Ngetche
 090A:1A70       __notUmask
 0000:786B       __Nungetch
 0000:7E04       __open
 090A:1A46       __openfd
 090A:0090       __osmajor
 090A:0091       __osminor
 090A:008E       __psp
 0000:7F05       __read
 0000:8EEF       __REALCVT
 090A:1B7E       __RealCvtVector
 0000:01A8       __restorezero
 090A:1B6C       __rover
 0000:5EFC       __sbrk
 090A:1B7E       __ScanTodVector
 0000:6B32       __SCREENIO
 0000:6BD0       __SCROLL
 0000:0000  Abs  __setargv__
 0000:0000  Abs  __setenvp__
 0000:6D2C       __setupio
 090A:0094       __StartTime
 090A:1A7A       __stklen
 090A:1906       __streams
 090A:2762       __tmpnum
 0000:0000  Abs  __turboCrt
 0000:6B6F       __VALIDATEXY
 090A:0090       __version
 090A:1A8A       __video
 0000:74C9       __VideoInt
 0000:8107       __VPRINTER
 0000:85CE       __VPTR
 0000:85F4       __VRAM
 0000:70B7       __wherexy
 0000:866D       __write
 090A:1A86       __wscroll
 0000:71D6       __xfclose
 0000:71F7       __xfflush
 0000:5BE3       ___assertfail
 0000:7340       ___brk
 090A:009A       ___brklvl
 0000:86C0       ___first
 090A:0098       ___heapbase
 0000:86C2       ___last
 0000:86C4       ___rover
 0000:7362       ___sbrk

  Address         Publics by Value

 0000:0000  Abs  __setargv__
 0000:0000  Abs  __turboCrt
 0000:0000  Abs  __setenvp__
 0000:000C  Abs  __AHSHIFT
 0000:1000  Abs  __AHINCR
 0000:010F       __exitclean
 0000:012E       __exit
 0000:01A8       __restorezero
 0000:0220       _abort
 0000:0235       DGROUP@
 0000:0237       __MMODEL
 0000:0239       _main
 0000:1D42       _ShowHelp
 0000:21DA       _OnExit
 0000:21F8       _OnCBreak
 0000:223B       _HasFloppyForm
 0000:2247       _IsFile
 0000:226D       _IsCopyToSameDisk
 0000:22F1       _GetDiskFromPathName
 0000:231D       _EMSbaseaddress
 0000:234A       _EMSversion
 0000:235D       _EMSstatus
 0000:236E       _EMSpages
 0000:237F       _EMSalloc
 0000:2396       _EMSfree
 0000:23AD       _EMSmap
 0000:263C       _InitializeFittingMemory
 0000:2A22       _ReadMemoryBlock
 0000:2A4A       _WriteMemoryBlock
 0000:2A72       _PrepareForReading
 0000:2A7B       _PrepareForWriting
 0000:2A84       _ReleaseMemory
 0000:2AA0       _DiskLargeEnough
 0000:2B08       _SetImageFile
 0000:2B82       _SetErrorStopped
 0000:2CE8       _CopyFile
 0000:2DAF       _XMSinit
 0000:2DAF       _XMMinit
 0000:2DF7       _XMScoreleft
 0000:2E1D       _XMSalloc
 0000:2E5E       _XMSfree
 0000:2EA1       _DOStoXMSmove
 0000:2EE1       _XMStoDOSmove
 0000:2F43       _ClrKbd
 0000:2F7D       _WaitForInput
 0000:2F9E       _TwoDriveCopy
 0000:36D2       _BiosReportsTwoDrives
 0000:36F7       _CloseMouse
 0000:36F7       _InitMouse
 0000:3718       _MousePresent
 0000:3730       _CountButtonPresses
 0000:377B       _SwitchChar
 0000:3783       _GetIniDir
 0000:387D       _OpenScannerFile
 0000:390B       _CloseScanner
 0000:3925       _RestartScanning
 0000:3943       _GetNextToken
 0000:39B1       _PeekToken
 0000:3B1E       _ScannerString
 0000:3B26       _GetScannerLine
 0000:3CAF       _ParseIniFile
 0000:3CEE       _GetParsedData
 0000:4226       _ReadSectors
 0000:432B       _SetExePath
 0000:4336       _GetExePath
 0000:437A       _ExploreDATFile
 0000:43C3       _MakeDATFile
 0000:4856       _GetDataStart
 0000:488D       _DataSectorToCluster
 0000:490D       _GetDiskFilledSize
 0000:49FC       _IsSectorUsed
 0000:4AB2       _DiskReadBootInfo
 0000:4AC7       _FileReadBootInfo
 0000:4BC8       _FileReadFatInfo
 0000:4BFB       _DiskReadFatInfo
 0000:4C0C       _SetCopySpeed
 0000:4C21       _IsDiskReadRequired
 0000:4C6B       _ReleaseFatInfo
 0000:4C86       _DetermineFATType
 0000:4D62       _ReadFileIntoMemory
 0000:4E00       _WriteFileFromMemory
 0000:50CD       _SetCriticalHandler
 0000:50FC       _CriticalHandlerOn
 0000:510A       _CriticalErrorOccured
 0000:5241       _InitLFNAPI
 0000:527C       _ConvertToSFN
 0000:52F8       _GetSFN
 0000:5385       _SetLFNAttribute
 0000:53A0       _GetLFN
 0000:53B0       _SynchronizeLFNs
 0000:54A1       _CheckDriveOnLFN
 0000:54D4       _ClearDiskSerialNumber
 0000:54F1       _UpdateDiskSerialNumber
 0000:5586       _PrintDiskSerialNumber
 0000:55E2       _get_line
 0000:5679       _hash
 0000:56B3       _db_fetch
 0000:56EF       _db_insert
 0000:5764       _catgets
 0000:57AE       _catopen
 0000:5944       _catread
 0000:59B9       _catclose
 0000:59D3       _rename95
 0000:5AE8       _truename95
 0000:5AFF       _lfn2sfn95
 0000:5B16       _callWin95
 0000:5BAE       _access
 0000:5BE3       ___assertfail
 0000:5C01       _atexit
 0000:5C25       _chmod
 0000:5C6A       _close
 0000:5C95       __CPUTN
 0000:5DC4       _cprintf
 0000:5E01       _ctrlbrk
 0000:5E1C       _exit
 0000:5EBD       __brk
 0000:5EFC       __sbrk
 0000:5F69       _fclose
 0000:5FE1       _farcoreleft
 0000:6033       _fflush
 0000:60B5       _flushall
 0000:60EB       _fnmerge
 0000:62CD       _fopen
 0000:62EB       _freopen
 0000:630D       _fdopen
 0000:6337       _fprintf
 0000:6435       _fread
 0000:64E8       _fseek
 0000:654A       _ftell
 0000:658B       _fwrite
 0000:65D4       _getcbrk
 0000:65DE       _setcbrk
 0000:65EF       _getdate
 0000:6602       _gettime
 0000:6615       _gettext
 0000:6664       _puttext
 0000:669C       _movetext
 0000:6742       _printf
 0000:6759       __fputc
 0000:6773       _fputc
 0000:6870       _fputchar
 0000:6884       __FPUTN
 0000:69B6       _putch
 0000:69C9       _puts
 0000:6B32       __SCREENIO
 0000:6B6F       __VALIDATEXY
 0000:6BD0       __SCROLL
 0000:6D2C       __setupio
 0000:6D95       _setvbuf
 0000:6E87       _sprintf
 0000:6EA4       _vsprintf
 0000:6EC0       _stpcpy
 0000:6EE3       _strdup
 0000:6F0E       _strncat
 0000:6F50       _strtok
 0000:6FCE       _tell
 0000:6FE6       __MKNAME
 0000:7028       _tmpnam
 0000:705F       _tolower
 0000:708B       _toupper
 0000:70B7       __wherexy
 0000:70C1       _wherex
 0000:70D0       _wherey
 0000:70E3       _write
 0000:71D6       __xfclose
 0000:71F7       __xfflush
 0000:7265       _absread
 0000:72C6       _abswrite
 0000:7327       _biosequip
 0000:732A       _biosmemory
 0000:732D       _biostime
 0000:7340       ___brk
 0000:7362       ___sbrk
 0000:7393       _brk
 0000:739F       _sbrk
 0000:73AF       _chdir
 0000:73C5       _getdisk
 0000:73CB       _setdisk
 0000:73D8       __chmod
 0000:73F3       __close
 0000:7411       _coreleft
 0000:744C       __creat
 0000:7461       _creattemp
 0000:7479       _creatnew
 0000:74C9       __VideoInt
 0000:754D       __c0crtinit
 0000:756D       __crtinit
 0000:7647       _eof
 0000:76AF       _filelength
 0000:776E       __fgetc
 0000:7782       _fgetc
 0000:7782       __Nfgetc
 0000:782C       _fgetchar
 0000:7835       _getch
 0000:784E       __Ngetche
 0000:784E       _getche
 0000:786B       __Nungetch
 0000:786B       _ungetch
 0000:7887       _getenv
 0000:78E5       _getfatd
 0000:78F5       _getfat
 0000:7912       _getdfree
 0000:7932       _getftime
 0000:7953       _getvect
 0000:7962       _setvect
 0000:7973       _intr
 0000:7A17       _ioctl
 0000:7A3E       __IOERROR
 0000:7A7B       _isatty
 0000:7A8C       _kbhit
 0000:7A92       _lseek
 0000:7ABB       __LONGTOA
 0000:7B38       _itoa
 0000:7B5F       _ultoa
 0000:7B79       _ltoa
 0000:7B9E       _memcmp
 0000:7BC7       _memcpy
 0000:7BE8       _setmem
 0000:7C10       _memset
 0000:7C28       _movedata
 0000:7C4A       _movmem
 0000:7C95       _memmove
 0000:7CD7       _open
 0000:7E04       __open
 0000:7E50       _read
 0000:7F05       __read
 0000:7F1F       _rename
 0000:7F3E       _setblock
 0000:7F5A       _strcat
 0000:7F93       _strchr
 0000:7FC9       _strcmp
 0000:7FF8       _strcpy
 0000:801C       _stricmp
 0000:805C       _strlen
 0000:8076       _strncmp
 0000:80AD       _strncpy
 0000:80D9       _unlink
 0000:8107       __VPRINTER
 0000:85CE       __VPTR
 0000:85F4       __VRAM
 0000:866D       __write
 0000:86C0       ___first
 0000:86C2       ___last
 0000:86C4       ___rover
 0000:87FE       _farfree
 0000:88E4       _farmalloc
 0000:8A3A       _farrealloc
 0000:8AA6       N_LDIV@
 0000:8AA9       LDIV@
 0000:8AA9       F_LDIV@
 0000:8AAD       N_LUDIV@
 0000:8AB0       F_LUDIV@
 0000:8AB0       LUDIV@
 0000:8AB5       N_LMOD@
 0000:8AB8       F_LMOD@
 0000:8AB8       LMOD@
 0000:8ABD       N_LUMOD@
 0000:8AC0       LUMOD@
 0000:8AC0       F_LUMOD@
 0000:8B54       N_LXLSH@
 0000:8B57       LXLSH@
 0000:8B57       F_LXLSH@
 0000:8B75       N_LXURSH@
 0000:8B78       LXURSH@
 0000:8B78       F_LXURSH@
 0000:8B96       N_PADD@
 0000:8B99       F_PADD@
 0000:8B99       PADD@
 0000:8BC5       N_PSUB@
 0000:8BC8       F_PSUB@
 0000:8BC8       PSUB@
 0000:8BF6       N_PSBP@
 0000:8BF9       PSBP@
 0000:8BF9       F_PSBP@
 0000:8C1E       N_SCOPY@
 0000:8C21       SCOPY@
 0000:8C21       F_SCOPY@
 0000:8C40       _free
 0000:8D0F       _malloc
 0000:8E66       _realloc
 0000:8EB7       N_LXMUL@
 0000:8ECE       N_PCMP@
 0000:8EEF       __REALCVT
 0000:906A       N_OVERFLOW@
 0000:906A       F_OVERFLOW@
 0000:906A       OVERFLOW@
 090A:0000       DATASEG@
 090A:0072       __Int0Vector
 090A:0076       __Int4Vector
 090A:007A       __Int5Vector
 090A:007E       __Int6Vector
 090A:0082       __C0argc
 090A:0084       __C0argv
 090A:0086       __C0environ
 090A:0088       __envLng
 090A:008A       __envseg
 090A:008C       __envSize
 090A:008E       __psp
 090A:0090       __osmajor
 090A:0090       __version
 090A:0091       __osminor
 090A:0092       _errno
 090A:0094       __StartTime
 090A:0098       ___heapbase
 090A:009A       ___brklvl
 090A:009C       __heapbase
 090A:00A0       __brklvl
 090A:00A4       __heaptop
 090A:00A8       _CatYES
 090A:00A9       _CatNO
 090A:1242       _MemoryLvals
 090A:124E       _OptionLvals
 090A:1276       _GenerateLVals
 090A:127A       _Headers
 090A:162E       _catalog
 090A:17FA       __atexitcnt
 090A:17FC       __ctype
 090A:18FE       __exitbuf
 090A:1900       __exitfopen
 090A:1902       __exitopen
 090A:1906       __streams
 090A:1A46       __openfd
 090A:1A6E       __fmode
 090A:1A70       __notUmask
 090A:1A72       __heaplen
 090A:1A7A       __stklen
 090A:1A86       __wscroll
 090A:1A8A       __video
 090A:1A99       _directvideo
 090A:1AA4       __doserrno
 090A:1AA6       __dosErrorToSV
 090A:1B68       __first
 090A:1B6A       __last
 090A:1B6C       __rover
 090A:1B6E       __argc
 090A:1B70       __argv
 090A:1B7C       _environ
 090A:1B7E       __ScanTodVector
 090A:1B7E       __RealCvtVector
 090A:1B7E       _Cade
 090A:1B88       _catd
 090A:1B8A       _SavedCBreak
 090A:271C       __atexittbl
 090A:2762       __tmpnum

Program entry point at 0000:0000

