Open Watcom Linker Version 1.3
Portions Copyright (c) 1985-2002 Sybase, Inc. All Rights Reserved.
Created on:       07/01/21 02:02:10
Warning! W1008: cannot open tcpip32.lib : No such file or directory
Executable Image: dos3ldr.exe
creating a DOS executable


                        +------------+
                        |   Groups   |
                        +------------+

Group                           Address              Size
=====                           =======              ====

DGROUP                          032b:0000            00000fc0



                        +--------------+
                        |   Segments   |
                        +--------------+

Segment                Class          Group          Address         Size
=======                =====          =====          =======         ====

BEGTEXT                CODE           AUTO           0000:0000       00000007
_TEXT                  CODE           AUTO           0000:0010       00003298
FAR_DATA               FAR_DATA       AUTO           032a:0008       00000000
_NULL                  BEGDATA        DGROUP         032b:0000       00000020
_AFTERNULL             BEGDATA        DGROUP         032d:0000       00000002
CONST                  DATA           DGROUP         032d:0002       00000242
CONST2                 DATA           DGROUP         0351:0004       00000000
_DATA                  DATA           DGROUP         0351:0004       00000202
XIB                    DATA           DGROUP         0371:0006       00000000
XI                     DATA           DGROUP         0371:0006       0000001e
XIE                    DATA           DGROUP         0373:0004       00000000
YIB                    DATA           DGROUP         0373:0004       00000000
YI                     DATA           DGROUP         0373:0004       0000000c
YIE                    DATA           DGROUP         0374:0000       00000000
STRINGS                DATA           DGROUP         0374:0000       00000000
DATA                   DATA           DGROUP         0374:0000       00000000
_BSS                   BSS            DGROUP         0374:0000       0000032c
STACK                  STACK          DGROUP         03a7:0000       00000800


                        +----------------+
                        |   Memory Map   |
                        +----------------+

* = unreferenced symbol
+ = symbol only referenced locally

Address        Symbol
=======        ======

Module: dos3ldr.obj(L:\var\src\os2\boot\muFSD\dos3ldr\dos3ldr.c)
0000:0010      main_
0000:0210+     disk_read_
0000:02a4+     disk_read8_
0000:0337+     disk_read_chs_
0000:03b1+     disk_read_lba_
0000:0433+     disk_geo_
0000:0504+     lba2chs_
0000:057f*     give_help_
032b:0264+     _cyl
032b:0266+     _head
032b:0268+     _sec
032b:0490+     _buf
Module: f:\dev\watcom/lib286/dos\clibc.lib(stk)
0000:0597      __STK
0000:05b7*     __STKOVERFLOW_
Module: f:\dev\watcom/lib286/dos\clibc.lib(segread)
0000:05d4      segread_
Module: f:\dev\watcom/lib286/dos\clibc.lib(memset)
0000:05f0      memset_
Module: f:\dev\watcom/lib286/dos\clibc.lib(printf)
0000:0609      printf_
Module: f:\dev\watcom/lib286/dos\clibc.lib(iob)
032b:0274      ___iob
032b:03dc*     __fmode
032b:0690      ___OpenStreams
032b:0694      ___ClosedStreams
Module: f:\dev\watcom/lib286/dos\clibc.lib(fputc)
0000:0636      fputc_
Module: f:\dev\watcom/lib286/dos\clibc.lib(dosfile)
0000:06fe      _dos_close_
0000:070a      _dos_commit_
0000:0717      _dos_open_
Module: f:\dev\watcom/lib286/dos\clibc.lib(exit)
0000:073a+     __null_int23_exit_
0000:073b      exit_
0000:075f*     _exit_
032b:03de+     ___int23_exit
032b:03e0+     ___FPE_handler_exit
Module: f:\dev\watcom/lib286/dos\clibc.lib(filelen)
0000:0775      filelength_
Module: f:\dev\watcom/lib286/dos\clibc.lib(dosio)
0000:07ce      _dos_read_
0000:07ef*     _dos_write_
Module: f:\dev\watcom/lib286/dos\clibc.lib(i4d)
0000:0800*     __I4D
0000:0849      __U4D
Module: f:\dev\watcom/lib286/dos\clibc.lib(cstart)
0000:0003*     ___begtext
032b:0000*     __nullarea
0000:08ce      _cstart_
0000:09a7*     _Not_Enough_Memory_
0000:0ab1      __exit_
0000:0ad0      __do_exit_with_msg__
0000:0b08      __GETDS
Module: f:\dev\watcom/lib286/dos\clibc.lib(cmodel)
0000:0b12      _small_code_
0000:0b12*     CodeModelMismatch
Module: f:\dev\watcom/lib286/dos\clibc.lib(argcv)
032b:0698      __argv
032b:069c      ___argv
032b:06a0      __argc
032b:06a2      ___argc
Module: f:\dev\watcom/lib286/dos\clibc.lib(xmsg)
0000:0b12*     __exit_with_msg_
0000:0b15      __fatal_runtime_error_
Module: f:\dev\watcom/lib286/dos\clibc.lib(crwdata)
032b:03e2      __curbrk
032b:03ea      __STACKLOW
032b:03ec      __STACKTOP
032b:03ee      __cbyte
032b:03f0      __child
032b:03f2      __no87
032b:0400      __FPE_handler
032b:0400      ___FPE_handler
032b:03e4      __psp
032b:03f4      __get_ovl_stack
032b:03f8      __restore_ovl_stack
032b:03fc      __close_ovl_file
032b:0404      __LpCmdLine
032b:0408      __LpPgmName
032b:03e6      __osmajor
032b:03e7      __osminor
032b:03e8      __osmode
032b:03e9      __HShift
Module: f:\dev\watcom/lib286/dos\clibc.lib(fprtf)
0000:0b48      __fprtf_
Module: f:\dev\watcom/lib286/dos\clibc.lib(initfile)
0000:0bfe      __InitFiles_
Module: f:\dev\watcom/lib286/dos\clibc.lib(ioexit)
0000:0cc7      __full_io_exit_
0000:0ccf*     fcloseall_
Module: f:\dev\watcom/lib286/dos\clibc.lib(ioalloc)
0000:0d4f      __ioalloc_
Module: f:\dev\watcom/lib286/dos\clibc.lib(flush)
0000:0dde      __flush_
Module: f:\dev\watcom/lib286/dos\clibc.lib(seterrno)
0000:0ef3      __set_errno_
0000:0f07*     __set_EDOM_
0000:0f19*     __set_ERANGE_
0000:0f29*     __set_EINVAL_
0000:0f3c      __set_doserrno_
Module: f:\dev\watcom/lib286/dos\clibc.lib(doserror)
0000:0f48      __doserror_
Module: f:\dev\watcom/lib286/dos\clibc.lib(initrtns)
0000:0f95*     __FInitRtns
0000:0f99      __InitRtns
0000:0ff4*     __FFiniRtns
0000:0ff8      __FiniRtns
Module: f:\dev\watcom/lib286/dos\clibc.lib(lseekdos)
0000:105c      __lseek_
Module: f:\dev\watcom/lib286/dos\clibc.lib(cmain086)
0000:109e      __CMain
Module: f:\dev\watcom/lib286/dos\clibc.lib(dosseg)
0000:10c2      __DOSseg__
Module: f:\dev\watcom/lib286/dos\clibc.lib(initargv)
0000:10c3      __Init_Argv_
0000:111c+     _getargv_
0000:1314      __Fini_Argv_
Module: f:\dev\watcom/lib286/dos\clibc.lib(enterdb)
0000:1339      __EnterWVIDEO_
032b:040c+     ___WD_Present
Module: f:\dev\watcom/lib286/dos\clibc.lib(prtf)
0000:1360      __prtf_
Module: f:\dev\watcom/lib286/dos\clibc.lib(nmalloc)
0000:2102      _nmalloc_
032b:040e      ___nheapbeg
032b:0410      ___MiniHeapRover
032b:0412      ___LargestSizeB4MiniHeapRover
Module: f:\dev\watcom/lib286/dos\clibc.lib(fmalloc)
0000:21d1*     _fmalloc_
0000:21d1      malloc_
032b:0414+     ___fheap
032b:0416      ___fheapRover
032b:0418      ___LargestSizeB4Rover
Module: f:\dev\watcom/lib286/dos\clibc.lib(freefp)
0000:22d9      __freefp_
0000:2358      __purgefp_
Module: f:\dev\watcom/lib286/dos\clibc.lib(fclose)
0000:2399*     fclose_
0000:23e5      __shutdown_stream_
0000:23fc+     __doclose_
032b:06a8+     ___RmTmpFileFn
Module: f:\dev\watcom/lib286/dos\clibc.lib(chktty)
0000:2499      __chktty_
Module: f:\dev\watcom/lib286/dos\clibc.lib(qwrit)
0000:24c3      __qwrite_
Module: f:\dev\watcom/lib286/dos\clibc.lib(fsync)
0000:251f      fsync_
Module: f:\dev\watcom/lib286/dos\clibc.lib(errno)
0000:2522      __get_errno_ptr_
0000:2529      __get_doserrno_ptr_
032b:06aa+     _errno
032b:06ac+     __doserrno
Module: f:\dev\watcom/lib286/dos\clibc.lib(dosret)
0000:2530*     _dosret0_
0000:2537*     _dosretax_
0000:253c      __set_errno_dos_
Module: f:\dev\watcom/lib286/dos\clibc.lib(sgdef086)
032b:0466      __Start_XI
032b:0484      __End_XI
032b:0484      __Start_YI
032b:0490      __End_YI
Module: f:\dev\watcom/lib286/dos\clibc.lib(___argc)
032b:06ae      ____Argv
032b:06b2      ____Argc
Module: f:\dev\watcom/lib286/dos\clibc.lib(amblksiz)
032b:042e      __amblksiz
Module: f:\dev\watcom/lib286/dos\clibc.lib(histsplt)
032b:06b4      ___historical_splitparms
Module: f:\dev\watcom/lib286/dos\clibc.lib(ffree)
0000:2598*     _ffree_
0000:2598      free_
Module: f:\dev\watcom/lib286/dos\clibc.lib(wctomb)
0000:25dc      wctomb_
Module: f:\dev\watcom/lib286/dos\clibc.lib(itoa)
0000:2609+     utoa_
0000:266a      itoa_
Module: f:\dev\watcom/lib286/dos\clibc.lib(i4m)
0000:268c*     __I4M
0000:268c      __U4M
Module: f:\dev\watcom/lib286/dos\clibc.lib(noefgfmt)
032b:0430      ___EFG_printf
032b:0432*     ___EFG_scanf
Module: f:\dev\watcom/lib286/dos\clibc.lib(lltoa)
0000:26b5      ulltoa_
0000:2795*     lltoa_
Module: f:\dev\watcom/lib286/dos\clibc.lib(strupr)
0000:27f8      strupr_
Module: f:\dev\watcom/lib286/dos\clibc.lib(ltoa)
0000:281c      ultoa_
0000:288f*     ltoa_
Module: f:\dev\watcom/lib286/dos\clibc.lib(mbisdbcs)
032b:06b6      ___IsDBCS
Module: f:\dev\watcom/lib286/dos\clibc.lib(mbislead)
0000:28bd*     _ismbblead_
032b:06b8      ___MBCSIsTable
Module: f:\dev\watcom/lib286/dos\clibc.lib(nmemneed)
0000:28d9      __nmemneed_
Module: f:\dev\watcom/lib286/dos\clibc.lib(mem)
0000:28e0      __MemAllocator
0000:29a6      __MemFree
Module: f:\dev\watcom/lib286/dos\clibc.lib(grownear)
0000:2b8a      __LastFree_
0000:2bb6      __ExpandDGROUP_
Module: f:\dev\watcom/lib286/dos\clibc.lib(hpgrw086)
0000:2d0b      __CMain_nheapgrow_
Module: f:\dev\watcom/lib286/dos\clibc.lib(growseg)
0000:2d0e      __GrowSeg_
Module: f:\dev\watcom/lib286/dos\clibc.lib(allocseg)
0000:2e04      __AllocSeg_
Module: f:\dev\watcom/lib286/dos\clibc.lib(fmemneed)
0000:2e9d      __fmemneed_
Module: f:\dev\watcom/lib286/dos\clibc.lib(_clse)
0000:2ea0      __close_
Module: f:\dev\watcom/lib286/dos\clibc.lib(isatt)
0000:2ecf      isatty_
Module: f:\dev\watcom/lib286/dos\clibc.lib(iomode)
0000:2eeb      __GetIOMode_
0000:2f11      __SetIOMode_nogrow_
032b:0434+     ___NFiles
032b:0436+     ___init_mode
032b:045e+     ___io_mode
Module: f:\dev\watcom/lib286/dos\clibc.lib(nfree)
0000:2f35      _nfree_
032b:07ba+     ___MiniHeapFreeRover
Module: f:\dev\watcom/lib286/dos\clibc.lib(alphabet)
032b:023e      ___Alphabet
Module: f:\dev\watcom/lib286/dos\clibc.lib(mbinit)
0000:3030      __mbinit_
032b:0462+     ___MBCodePage
Module: f:\dev\watcom/lib286/dos\clibc.lib(heapen)
0000:31a4*     _heapenable_
032b:0464      ___heap_enabled
Module: f:\dev\watcom/lib286/dos\clibc.lib(sbrk)
0000:31b7*     sbrk_
0000:31c8      __brk_
Module: f:\dev\watcom/lib286/dos\clibc.lib(heapgrow)
0000:322f*     _heapgrow_
0000:322f*     _fheapgrow_
0000:3230      _nheapgrow_


                        +--------------------+
                        |   Libraries Used   |
                        +--------------------+

f:\dev\watcom/lib286/dos\clibc.lib


                        +-----------------------+
                        |   Linker Statistics   |
                        +-----------------------+

Stack size:  0800 (2048.)
Memory size:  4270 (17008.)
Entry point address: 0000:08ce
Link time: 00:00.70
