default 4

set ROOT   = (nd)
set T      = $(ROOT)/tftpboot
set D      = $(T)/bld
set A      = $(D)/bin/x86_586
set B      = $(A)/l4v2

set SERPORT    = 1
set VBE_MODE   = 0x114
set WAIT       = "-nowait"
set SERIAL     = "-serial_esc -comspeed 115200 -comport $(SERPORT) -jdb_cmd=Jh50 bi405535 br1af"
# set FIASCOARGS = "$(WAIT) $(SERIAL)"
# set FIASCOARGS =  "-serial -tbuf_entries=32768 -jdb_cmd=JH -jdb_never_stop"
set FIASCOARGS = "-serial -serial_esc -jdb_cmd=JH"
# set FIASCOARGS = "-nojdb -serial_esc"

title Extra options 0
configfile $(T)/cd/boot/grub/menu0.lst

title Extra options 1
configfile $(T)/cd/boot/grub/menu1.lst

title Extra options 2
configfile $(T)/cd/boot/grub/menu2.lst

title Hello world server
kernel $(A)/bootstrap -serial
modaddr 0x02000000
module $(B)/fiasco $(FIASCOARGS)
module $(B)/sigma0
module $(B)/roottask -symbols -lines
module $(B)/fiasco_symbols
module $(B)/fiasco_lines
module $(B)/hello

title os2fs test
kernel $(A)/bootstrap -serial
modaddr 0x02000000
module $(B)/fiasco $(FIASCOARGS)
module $(B)/sigma0
module $(B)/roottask -symbols -lines \
  task modname 'simple_file_server' attached 1 modules
module $(B)/fiasco_symbols
module $(B)/fiasco_lines
module $(B)/log
module $(B)/names
module $(B)/dm_phys
module $(B)/rtc
module $(B)/simple_ts -t 300
module $(B)/name_server
module $(B)/simple_file_server -v 14
  module $(B)/os2/config.sys
module $(B)/fstab \
  -c /file \
  -c /file/system -v 14 -b / -m /file/system
module $(B)/fprov_proxy
module $(B)/os2fs
module $(B)/os2fs-test

title OS/2 personality interactive setup
kernel $(A)/bootstrap -serial
modaddr 0x02000000
module $(B)/fiasco $(FIASCOARGS)
module $(B)/sigma0
module $(B)/roottask -symbols -lines \
  task modname 'simple_file_server' attached 44 modules \
  task modname 'loader' allow_cli
module $(B)/fiasco_symbols
module $(B)/fiasco_lines
module $(B)/log
module $(B)/events
module $(B)/names --events
module $(B)/dm_phys --events
module $(B)/l4io
module $(B)/rtc
module $(B)/l4con
module $(B)/simple_ts -t 300 --events
module $(B)/name_server
module $(B)/term_con
module $(B)/simple_file_server -v 14
  module $(B)/os2/emx.dll
  module $(B)/os2/emxlibcs.dll
  module $(B)/os2/gnuintl.dll
  module $(B)/os2/gnutu.dll
  module $(B)/os2/sesmgr.dll
  module $(B)/os2/quecalls.dll
#  module $(B)/os2/uconv.dll
#  module $(B)/os2/libuni.dll
  module $(B)/os2/utlapi.dll
#  module $(B)/os2/pmwin.dll
#  module $(B)/os2/pmmerge.dll
#  module $(B)/os2/pmshapi.dll
  module $(B)/os2/cat.exe
  module $(B)/os2/cut.exe
#  module $(B)/os2/putmsg.exe
#  module $(B)/os2/ansi.exe
#  module $(B)/os2/sed.exe
  module $(B)/os2/awk.exe
  module $(B)/os2/makeini.exe
  module $(B)/os2/vp.exe
#  module $(B)/os2/fp.exe
#  module $(B)/os2/fc.exe
  module $(B)/os2/more.exe
  module $(B)/os2/ver.exe
#  module $(B)/os2/comp.exe
#  module $(B)/os2/wasm.exe
#  module $(B)/os2/wmake.exe
  module $(B)/os2/zip.exe
#  module $(B)/os2/unzip.exe
  module $(B)/os2/minicmd.exe
  module $(B)/os2/mini33.exe
  module $(B)/os2/argenv.exe
#  module $(B)/os2/scanenv.exe
#  module $(B)/os2/edtname.exe
  module $(B)/os2/sort.exe
  module $(B)/os2/cmd.exe
#  module $(B)/os2/mem.exe
#  module $(B)/os2/get.exe
  module $(B)/os2/oso001.msg
  module $(B)/os2/viocalls.dll
  module $(B)/os2/moucalls.dll
  module $(B)/os2/moncalls.dll
  module $(B)/os2/kbdcalls.dll
  module $(B)/os2/doscalls.dll
  module $(B)/os2/sub32.dll
  module $(B)/os2/msg.dll
  module $(B)/os2/nls.dll
#  module $(B)/libkal.s.so
  module $(B)/libmemmgr.s.so
  module $(B)/lx.ixf
  module $(B)/ne.ixf
  module $(B)/os2/run.cfg
  module $(B)/os2/os2.cfg
  module $(B)/execsrv
  module $(B)/os2fs
  module $(B)/os2app
  module $(B)/os2srv
  module $(B)/kal.map
  module $(B)/os2/config.sys
  module $(B)/libloader.s.so
  module $(B)/libld-l4.s.so
  module $(B)/libdl.s.so
  module $(B)/run
module $(B)/fstab \
  -c /file \
  -c /file/system -v 14 -b / -m /file/system \
  -c /dev -v 132 -b / -m /dev
module $(B)/fprov_proxy
module $(B)/loader --fprov=fprov_proxy_fs --events /file/system/run.cfg /file/system/os2.cfg
vbeset $(VBE_MODE)
