
 Start  Stop   Length Name               Class

 00000H 02B56H 02B57H _TEXT              CODE
 02B60H 035A9H 00A4AH _DATA              DATA
 035AAH 035ADH 00004H _EMUSEG            DATA
 035AEH 035AFH 00002H _CRTSEG            DATA
 035B0H 035B1H 00002H _CVTSEG            DATA
 035B2H 035B7H 00006H _SCNSEG            DATA
 035B8H 0825FH 04CA8H _BSS               BSS
 08260H 08260H 00000H _BSSEND            STACK

  Address         Publics by Name

 0000:02D6       DGROUP@
 0000:2CCF       emws_adjust
 0000:2CD3       emws_BPsafe
 0000:2CCB       emws_control
 0000:2CD1       emws_fixSeg
 0000:2CB5       emws_initialSP
 0000:2BF5       emws_limitSP
 0000:2CC5       emws_nmiVector
 0000:2CC1       emws_saveVector
 0000:2CD5       emws_stamp
 0000:2CC9       emws_status
 0000:2CCD       emws_TOS
 0000:2CD9       emws_version
 0000:02C0       _abort
 0000:1AFC       _atexit
 0000:1CCC       _brk
 0000:621A       _catcontents
 0000:3F9A       _catfile
 0000:601A       _catpoints
 0000:1151       _catread
 0000:2819       _chdir
 0000:150A       _CheckDriveOnLFN
 0000:0EF6       _dos_close
 0000:0E31       _dos_open
 0000:0E6E       _dos_read
 0000:0EB2       _dos_write
 0000:2BCF       _environ
 0000:2BDB       _errno
 0000:1992       _exit
 0000:2051       _fflush
 0000:161F       _findfirst
 0000:1851       _findfirst95
 0000:1638       _findnext
 0000:18C6       _findnext95
 0000:1906       _findstop95
 0000:0A4F       _find_str
 0000:2801       _fprintf
 0000:20E8       _fputc
 0000:21D6       _fputchar
 0000:284A       _getcurdir
 0000:2867       _getcwd
 0000:2831       _getdisk
 0000:28DD       _getdta
 0000:28E8       _getenv
 0000:401A       _getlbuf
 0000:3F98       _getlp
 0000:2FC0       _getlrem
 0000:143C       _get_char
 0000:148B       _get_line
 0000:2949       _intdos
 0000:296D       _intdosx
 0000:29D2       _intr
 0000:1EEF       _itoa
 0000:12CD       _kittenclose
 0000:0F17       _kittengets
 0000:0F73       _kittenopen
 0000:2FC2       _lastcr
 0000:1609       _lfn2sfn95
 0000:0D12       _LFNConvertToSFN
 0000:0E21       _LFNFindStop
 0000:0D46       _LFNFirstFile
 0000:0DC3       _LFNNextFile
 0000:1E45       _lseek
 0000:1F34       _ltoa
 0000:02D8       _main
 0000:1C01       _malloc
 0000:200F       _memcpy
 0000:12D4       _mystrtoul
 0000:1347       _processEscChars
 0000:1CDA       _sbrk
 0000:2A77       _segread
 0000:283A       _setdisk
 0000:2A8C       _setdta
 0000:1F5B       _strcat
 0000:1F97       _strchr
 0000:1FEB       _strcpy
 0000:1FCE       _strlen
 0000:2A9A       _strrchr
 0000:2AC5       _strstr
 0000:39BB       _temp_str
 0000:35B8       _this_line
 0000:2B26       _toupper
 0000:15F3       _truename95
 0000:1F18       _ultoa
 0000:2FB4       _upcasetab
 0000:07F8       _usage
 0000:1CEC       _write
 0000:2BDD       __8087
 0000:2BCB       __argc
 0000:2BCD       __argv
 0000:3292       __atexitcnt
 0000:821A       __atexittbl
 0000:2BED       __brklvl
 0000:3294       __ctype
 0000:0000  Abs  __cvtfak
 0000:322C       __doserrno
 0000:322E       __dosErrorToSV
 0000:2BD1       __envLng
 0000:2BD3       __envseg
 0000:2BD5       __envSize
 0000:0220       __exit
 0000:3288       __exitbuf
 0000:328A       __exitfopen
 0000:328C       __exitopen
 0000:20CF       __fputc
 0000:21EC       __FPUTN
 0000:2BE9       __heapbase
 0000:328E       __heaplen
 0000:2BF1       __heaptop
 0000:2BBB       __Int0Vector
 0000:2BBF       __Int4Vector
 0000:2BC3       __Int5Vector
 0000:2BC7       __Int6Vector
 0000:1956       __IOERROR
 0000:2FBE       __kitten_catalog
 0000:1E70       __LONGTOA
 0000:34D6       __openfd
 0000:2BD9       __osmajor
 0000:2BDA       __osminor
 0000:2BD7       __psp
 0000:22AF       __REALCVT
 0000:35B0       __RealCvtVector
 0000:0283       __restorezero
 0000:35B2       __ScanTodVector
 0000:19C7       __setargv
 0000:1AB2       __setenvp
 0000:2BDF       __StartTime
 0000:3290       __stklen
 0000:3396       __streams
 0000:2BD9       __version
 0000:22DE       __VPRINTER
 0000:1DFF       __write
 0000:1C74       ___brk
 0000:2BE5       ___brklvl
 0000:825E       ___first
 0000:2BE3       ___heapbase
 0000:2BE7       ___heaptop
 0000:825A       ___last
 0000:1B22       ___pull_free_block
 0000:825C       ___rover
 0000:1C98       ___sbrk

  Address         Publics by Value

 0000:0000  Abs  __cvtfak
 0000:0220       __exit
 0000:0283       __restorezero
 0000:02C0       _abort
 0000:02D6       DGROUP@
 0000:02D8       _main
 0000:07F8       _usage
 0000:0A4F       _find_str
 0000:0D12       _LFNConvertToSFN
 0000:0D46       _LFNFirstFile
 0000:0DC3       _LFNNextFile
 0000:0E21       _LFNFindStop
 0000:0E31       _dos_open
 0000:0E6E       _dos_read
 0000:0EB2       _dos_write
 0000:0EF6       _dos_close
 0000:0F17       _kittengets
 0000:0F73       _kittenopen
 0000:1151       _catread
 0000:12CD       _kittenclose
 0000:12D4       _mystrtoul
 0000:1347       _processEscChars
 0000:143C       _get_char
 0000:148B       _get_line
 0000:150A       _CheckDriveOnLFN
 0000:15F3       _truename95
 0000:1609       _lfn2sfn95
 0000:161F       _findfirst
 0000:1638       _findnext
 0000:1851       _findfirst95
 0000:18C6       _findnext95
 0000:1906       _findstop95
 0000:1956       __IOERROR
 0000:1992       _exit
 0000:19C7       __setargv
 0000:1AB2       __setenvp
 0000:1AFC       _atexit
 0000:1B22       ___pull_free_block
 0000:1C01       _malloc
 0000:1C74       ___brk
 0000:1C98       ___sbrk
 0000:1CCC       _brk
 0000:1CDA       _sbrk
 0000:1CEC       _write
 0000:1DFF       __write
 0000:1E45       _lseek
 0000:1E70       __LONGTOA
 0000:1EEF       _itoa
 0000:1F18       _ultoa
 0000:1F34       _ltoa
 0000:1F5B       _strcat
 0000:1F97       _strchr
 0000:1FCE       _strlen
 0000:1FEB       _strcpy
 0000:200F       _memcpy
 0000:2051       _fflush
 0000:20CF       __fputc
 0000:20E8       _fputc
 0000:21D6       _fputchar
 0000:21EC       __FPUTN
 0000:22AF       __REALCVT
 0000:22DE       __VPRINTER
 0000:2801       _fprintf
 0000:2819       _chdir
 0000:2831       _getdisk
 0000:283A       _setdisk
 0000:284A       _getcurdir
 0000:2867       _getcwd
 0000:28DD       _getdta
 0000:28E8       _getenv
 0000:2949       _intdos
 0000:296D       _intdosx
 0000:29D2       _intr
 0000:2A77       _segread
 0000:2A8C       _setdta
 0000:2A9A       _strrchr
 0000:2AC5       _strstr
 0000:2B26       _toupper
 0000:2BBB       __Int0Vector
 0000:2BBF       __Int4Vector
 0000:2BC3       __Int5Vector
 0000:2BC7       __Int6Vector
 0000:2BCB       __argc
 0000:2BCD       __argv
 0000:2BCF       _environ
 0000:2BD1       __envLng
 0000:2BD3       __envseg
 0000:2BD5       __envSize
 0000:2BD7       __psp
 0000:2BD9       __osmajor
 0000:2BD9       __version
 0000:2BDA       __osminor
 0000:2BDB       _errno
 0000:2BDD       __8087
 0000:2BDF       __StartTime
 0000:2BE3       ___heapbase
 0000:2BE5       ___brklvl
 0000:2BE7       ___heaptop
 0000:2BE9       __heapbase
 0000:2BED       __brklvl
 0000:2BF1       __heaptop
 0000:2BF5       emws_limitSP
 0000:2CB5       emws_initialSP
 0000:2CC1       emws_saveVector
 0000:2CC5       emws_nmiVector
 0000:2CC9       emws_status
 0000:2CCB       emws_control
 0000:2CCD       emws_TOS
 0000:2CCF       emws_adjust
 0000:2CD1       emws_fixSeg
 0000:2CD3       emws_BPsafe
 0000:2CD5       emws_stamp
 0000:2CD9       emws_version
 0000:2FB4       _upcasetab
 0000:2FBE       __kitten_catalog
 0000:2FC0       _getlrem
 0000:2FC2       _lastcr
 0000:322C       __doserrno
 0000:322E       __dosErrorToSV
 0000:3288       __exitbuf
 0000:328A       __exitfopen
 0000:328C       __exitopen
 0000:328E       __heaplen
 0000:3290       __stklen
 0000:3292       __atexitcnt
 0000:3294       __ctype
 0000:3396       __streams
 0000:34D6       __openfd
 0000:35B0       __RealCvtVector
 0000:35B2       __ScanTodVector
 0000:35B8       _this_line
 0000:39BB       _temp_str
 0000:3F98       _getlp
 0000:3F9A       _catfile
 0000:401A       _getlbuf
 0000:601A       _catpoints
 0000:621A       _catcontents
 0000:821A       __atexittbl
 0000:825A       ___last
 0000:825C       ___rover
 0000:825E       ___first


