Open Watcom Linker Version 1.6
Portions Copyright (c) 1985-2002 Sybase, Inc. All Rights Reserved.
Created on:       07/07/29 17:25:24
Warning! W1080: file freeldra.obj is a 32-bit object file
Warning! W1080: file start32.obj is a 32-bit object file
Executable Image: os2ldr.exe
creating a DOS executable


                        +------------+
                        |   Groups   |
                        +------------+

Group                           Address              Size
=====                           =======              ====

DGROUP                          0000:0000            0000634c



                        +--------------+
                        |   Segments   |
                        +--------------+

Segment                Class          Group          Address         Size
=======                =====          =====          =======         ====

_TEXT                  CODE           DGROUP         0000:0000       00004a74
_DATA                  DATA           DGROUP         04a7:0004       0000065e
CONST2                 DATA           DGROUP         050d:0002       00000102
CONST                  DATA           DGROUP         051d:0004       000005b8
freeldrc13_DATA        FAR_DATA       AUTO           0578:000c       00000000
common13_DATA          FAR_DATA       AUTO           0578:000c       00000000
freeldrc13_DATA        FAR_DATA       AUTO           0579:0000       00000630
common13_DATA          FAR_DATA       AUTO           0579:0630       00000102
CONST                  DATA           AUTO           05ec:0002       00000000
_BSS                   BSS            DGROUP         05ec:0002       0000048a
_STACK                 STACK          AUTO           0634:000c       00002ffc
_TEXT32                CODE           AUTO           0934:0008       00000086
_DATA32                DATA           AUTO           093c:000e       00000000


                        +----------------+
                        |   Memory Map   |
                        +----------------+

* = unreferenced symbol
+ = symbol only referenced locally

Address        Symbol
=======        ======

Module: freeldra.obj(C:\_work\osfree\buildenvironment\freeldr\freeldra.asm)
0000:023f      muOpen
0000:0253      muRead
0000:026b      muClose
0000:0270      muTerminate
0000:4fbd*     Int12Value
0000:4fbf*     Int1588Value
0000:4f68      current_seg
0000:0131      loadhigh
0000:4ff5*     gd_table
0634:000c*     _freeldr_stack_bottom
0634:3006      _freeldr_stack_top
Module: cmodel.obj(cmodel)
0000:0276      _small_code_
0000:0276*     CodeModelMismatch
Module: segread.obj(C:\_work\osfree\buildenvironment\freeldr\segread.c)
0000:0276*     _segread
Module: strcpy.obj(C:\_work\osfree\buildenvironment\freeldr\strcpy.c)
0000:02b4*     strcpy_
Module: freeldrc.obj(C:\_work\osfree\buildenvironment\freeldr\freeldrc.c)
0000:5ec2      _mbi
0000:02f2+     freeldr_memcheck_
0000:03db      freeldr_memset_
0000:048b+     freeldr_memmove_
0000:05c1+     freeldr_strcpy_
0000:0614+     freeldr_strcmp_
0000:068d+     freeldr_memcmp_
0000:0708+     freeldr_strlen_
0000:0740*     _freeldr_clear
0000:0769+     _freeldr_open
0000:07c9+     _freeldr_read
0000:0979+     _freeldr_seek
0000:09cf+     _freeldr_close
0000:09e1+     _freeldr_term
0000:09f3+     load_image_
0000:2129+     load_module_
0000:230e+     skip_to_
0000:268c      _auxil
0000:26a5      _KernelLoader
0000:2826*     __STK
0000:5034+     _errnum
0000:5035+     _current_drive
0000:5039+     _current_partition
0000:5f22+     _readbuf1
0000:5f26+     _readbuf
0000:5f2a      _entry_addr
0000:5f2e+     _filemax
0000:5f32+     _filepos
0000:5f36+     _kernel_type
Module: periphs.obj(C:\_work\osfree\buildenvironment\freeldr\periphs.asm)
0000:283c      FindIODelay
0000:288c      IODelay
0000:2895      SetPITChip
0000:28a8      EnableA20Line
Module: io.obj(C:\_work\osfree\buildenvironment\freeldr\io.asm)
0000:28b2      DispNTS
0000:28df      DebugNTS
0000:28cc      DispC
Module: i4m.obj(i4m)
0000:29c6      __I4M
0000:29c6      __U4M
Module: video.obj(C:\_work\osfree\buildenvironment\freeldr\video.asm)
0000:2a34*     VIDEO_INIT
0000:29de      VIDEO_CRLF
0000:2a0e      VIDEO_OUTPUT
Module: vsprintf.obj(C:\_work\osfree\buildenvironment\freeldr\vsprintf.c)
0000:2a45      _puts
0000:2a5d      _putchar
0000:2a76*     strcmp_
0000:2ad5+     strlen_
0000:2b0b+     strnlen_
0000:2b4e*     simple_strtoul_
0000:2eea+     vsprintf_
0000:3354*     sprintf_
0000:338c+     outchar_comport_
0000:33b7+     output_com_
0000:33fc+     output_comc_
0000:342f      printk_
0000:348a      printkc_
0000:34e2*     _printf
0000:5f38+     _scratch_buffer
Module: common.obj(C:\_work\osfree\buildenvironment\freeldr\common.c)
0000:5048      _apm_bios_info
0000:505a+     _boot_drive
0000:505e+     _install_partition
0000:376d      init_bios_info_
0000:6338+     _saved_mem_upper
0000:633c+     _extended_memory
0000:6340+     _cdrom_drive
0000:6344+     _saved_drive
0000:6348+     _saved_partition
0579:0630+     _io_map
Module: biosinfo.obj(C:\_work\osfree\buildenvironment\freeldr\biosinfo.asm)
0000:3f58      get_memsize
0000:3f71      get_eisamemsize
0000:3f92      get_mmap_entry
0000:4012      get_rom_config_table
0000:403f      get_code_end
0000:4066      get_diskinfo_standard
0000:4067      check_int13_extensions
0000:4068      biosdisk_standard
0000:4069      biosdisk_int13_extensions
Module: apm.obj(C:\_work\osfree\buildenvironment\freeldr\apm.asm)
0000:406a      get_apm_info
Module: bios.obj(C:\_work\osfree\buildenvironment\freeldr\bios.c)
0000:40e2+     biosdisk_
0000:4569      get_diskinfo_
Module: start32.obj(C:\_work\osfree\buildenvironment\freeldr\start32.asm)
0934:0008      protected
Module: C:\watcom/lib286/dos\clibs.lib(istable)
0000:50d2      __IsTable
Module: C:\watcom/lib286/dos\clibs.lib(toupper)
0000:496e      toupper_
Module: C:\watcom/lib286/dos\clibs.lib(i4d)
0000:497c*     __I4D
0000:49c5      __U4D
Module: C:\watcom/lib286/dos\clibs.lib(memset)
0000:4a49      memset_
Module: C:\watcom/lib286/dos\clibs.lib(u8rs086)
0000:4a64      __U8RS


                        +---------------------+
                        |   Module Segments   |
                        +---------------------+

! = 32-bit segment
c = initialized communal data

Module          Segment               Class           Address         Size
======          =======               =====           =======         ====

C:\_work\osfree\buildenvironment\freeldr\freeldra.asm _TEXT CODE 0000:0000    00000275
                _DATA                 DATA           04a7:0004        000005bf
                freeldrc13_DATA       FAR_DATA       0578:000c        00000000
                common13_DATA         FAR_DATA       0578:000c        00000000
                CONST                 DATA           05ec:0002        00000000
                CONST2                DATA           050d:0002        00000000
                _BSS                  BSS            05ec:0002        00000000
                _STACK                STACK          0634:000c        00002ffa
                _TEXT32               CODE           0934:0008  !     00000000
                _DATA32               DATA           093c:000e  !     00000000
cmodel          _TEXT                 CODE           0000:0276        00000000
                _DATA                 DATA           04a7:05c4        00000000
C:\_work\osfree\buildenvironment\freeldr\segread.c _TEXT CODE 0000:0276    0000003e
                CONST                 DATA           051d:0004        00000000
                CONST2                DATA           050d:0002        00000000
                _DATA                 DATA           04a7:05c4        00000000
C:\_work\osfree\buildenvironment\freeldr\strcpy.c _TEXT CODE 0000:02b4    0000003e
                CONST                 DATA           051d:0004        00000000
                CONST2                DATA           050d:0002        00000000
                _DATA                 DATA           04a7:05c4        00000000
C:\_work\osfree\buildenvironment\freeldr\freeldrc.c _TEXT CODE 0000:02f2    00002549
                CONST                 DATA           051d:0004        000003d7
                CONST2                DATA           050d:0002        00000000
                _DATA                 DATA           04a7:05c4        00000009
                _BSS                  BSS            05ec:0002        00000075
                freeldrc13_DATA       FAR_DATA       0579:0000        00000630
C:\_work\osfree\buildenvironment\freeldr\periphs.asm _TEXT CODE 0000:283c    00000075
                _DATA                 DATA           04a7:05ce        00000003
C:\_work\osfree\buildenvironment\freeldr\io.asm _TEXT CODE 0000:28b2    00000113
                _DATA                 DATA           04a7:05d2        00000005
i4m             _TEXT                 CODE           0000:29c6        00000018
                _DATA                 DATA           04a7:05d8        00000000
C:\_work\osfree\buildenvironment\freeldr\video.asm _TEXT CODE 0000:29de    00000067
                _DATA                 DATA           04a7:05d8        00000000
C:\_work\osfree\buildenvironment\freeldr\vsprintf.c _TEXT CODE 0000:2a45    00000ad8
                CONST                 DATA           051d:03dc        00000051
                CONST2                DATA           050d:0002        00000000
                _DATA                 DATA           04a7:05d8        00000000
                _BSS                  BSS            05ec:0078        00000400
C:\_work\osfree\buildenvironment\freeldr\common.c _TEXT CODE 0000:351d    00000a3b
                CONST                 DATA           051d:042e        00000145
                CONST2                DATA           050d:0002        00000000
                _DATA                 DATA           04a7:05d8        00000062
                _BSS                  BSS            05ec:0478        00000014
                common13_DATA         FAR_DATA       0579:0630        00000102
C:\_work\osfree\buildenvironment\freeldr\biosinfo.asm _TEXT CODE 0000:3f58    00000112
                _DATA                 DATA           04a7:063a        00000000
C:\_work\osfree\buildenvironment\freeldr\apm.asm _TEXT CODE 0000:406a    00000078
                _DATA                 DATA           04a7:063a        00000000
C:\_work\osfree\buildenvironment\freeldr\bios.c _TEXT CODE 0000:40e2    0000088c
                CONST                 DATA           051d:0574        00000047
                CONST2                DATA           050d:0002        00000000
                _DATA                 DATA           04a7:063a        00000000
C:\_work\osfree\buildenvironment\freeldr\start32.asm _TEXT CODE 0000:496e    00000000
                _DATA                 DATA           04a7:063a        00000028
                CONST                 DATA           05ec:0002        00000000
                _BSS                  BSS            05ec:048c        00000000
                _STACK                STACK          0634:3008        00000000
                _TEXT32               CODE           0934:0008  !     00000086
istable         _TEXT                 CODE           0000:496e        00000000
                CONST                 DATA           051d:05bc        00000000
                CONST2                DATA           050d:0002        00000101
                _DATA                 DATA           04a7:0662        00000000
toupper         _TEXT                 CODE           0000:496e        0000000e
                CONST                 DATA           051d:05bc        00000000
                CONST2                DATA           050d:0104        00000000
                _DATA                 DATA           04a7:0662        00000000
i4d             _TEXT                 CODE           0000:497c        000000cd
                _DATA                 DATA           04a7:0662        00000000
memset          _TEXT                 CODE           0000:4a49        0000001b
                CONST                 DATA           051d:05bc        00000000
                CONST2                DATA           050d:0104        00000000
                _DATA                 DATA           04a7:0662        00000000
u8rs086         _TEXT                 CODE           0000:4a64        00000010
                _DATA                 DATA           04a7:0662        00000000


                        +--------------------+
                        |   Libraries Used   |
                        +--------------------+

C:\watcom/lib286/dos\clibs.lib


                        +-----------------------+
                        |   Linker Statistics   |
                        +-----------------------+

Stack size:  2ffc (12284.)
Memory size:  93ce (37838.)
Entry point address: 0000:0000
Link time: 00:00.86
